Jean Suárez

Practica

- Que permisologia tiene los siguientes archivos
rwxrwx---  770
---------  000
rw-rw----  660
r-xr-xr-x  555
---rw-r-x  065
--x--x--x  111


- Ejecuten la búsqueda con grep buscando cunaguaro y guarde la salida en un archivo llamado
firefox.txt


-Cuanto pesa tu /home/ y cuanto pesa /etc
/home 15 gigasS.ficheros     Tamaño Usados  Disp Uso% Montado en
/dev/sda2         15G   256M   14G   2% /home

S.ficheros                                             Tamaño Usados  Disp Uso% Montado en
/dev/disk/by-uuid/c458c069-9bfc-4938-8966-0858c74f30db    15G   2,8G   12G  20% /


- Se requiere guardar un archivo dentro de la configuración de la memoria del computador dentro
de un archivo llamado memoria.txt


-Se requiere guardar toda la configuración de la versión del kernel en un archivo llamado kernel.txt
uname -a > kernel.txt

- Como matamos un proceso del computador
R: kill -9 numero del proceso.


- Que hace el respectivo comando $cat toto > toto2
R: Pasa todo el contenido de toto a toto2


- Como puedo visualizar las particiones del disco duro

fdisk -l

Disk /dev/sda: 82.0 GB, 81964302336 bytes
255 heads, 63 sectors/track, 9964 cylinders, total 160086528 sectors
Units = sectors of 1 * 512 = 512 bytes
Sector size (logical/physical): 512 bytes / 512 bytes
I/O size (minimum/optimal): 512 bytes / 512 bytes
Disk identifier: 0x00046eca

   Device Boot      Start         End      Blocks   Id  System
/dev/sda1              64    31353402    15676669+  83  Linux
/dev/sda2        31353403    62795132    15720865   83  Linux
/dev/sda3        62795134    71313734     4259300+  82  Linux swap / Solaris
/dev/sda4        71313736   160071659    44378962    5  Extended
/dev/sda5   *    71313741   113238561    20962410+  83  Linux
/dev/sda6       113238565   160071658    23416547   83  Linux

Disk /dev/sdb: 4048 MB, 4048551936 bytes
128 heads, 9 sectors/track, 6864 cylinders, total 7907328 sectors
Units = sectors of 1 * 512 = 512 bytes
Sector size (logical/physical): 512 bytes / 512 bytes
I/O size (minimum/optimal): 512 bytes / 512 bytes
Disk identifier: 0xc3072e18

   Device Boot      Start         End      Blocks   Id  System
/dev/sdb1   *        9136     7907327     3949096    b  W95 FAT32


ls -al /home/jf/ > toto.txt echo "Toto" > /etc/miarchivodeconfiguración

ls: no se puede acceder a /home/jf/: No existe el fichero o el directorio
ls: no se puede acceder a echo: No existe el fichero o el directorio
ls: no se puede acceder a Toto: No existe el fichero o el directorio

- Cree una carpeta con tu nombre
mkdir jeansuarez
- Dentro de la carpeta, creamos tres archivos de nombre c1 c2 c3
/jeansuarez# touch c1
/jeansuarez# touch c2
/jeansuarez# touch c3
 
- Guardamos en el c1 su nombre completo
cd /jeansuarez/c1.txt# nano Jean Carlos Suarez Ledezma

- Guardamos en el c2 la cédula
cd /jeansuarez/c2.txt# nano 13.775.796

- Guardamos el c3 el correo electrónico
cd /jeansuarez/c3.txt# nano zerausone@gmail.com


- Describa a continuación la función de los siguientes directorios
/bin  carpeta que guarda los archivos binarios del sistema operativo.
/home/ carpeta que guarda los documentos, imagenes, etc de un usario.
/media carpeta que muestra los dispositivos conectados en el equipo.
/var carpeta que guarda lo archivos
/  carpeta principal del sistema operativo o raiz.
/sbin carpeta que contiene archivos demonios de sistema.
/boot carpetas que contiene los archivos de buteo del sistema operativo.
